// Jest Snapshot v1, https://goo.gl/fbAQLP

exports[`The \`AppContainer\` component is rendered as expected when the user is logged in 1`] = `
<AppContainer>
  <div>
    <Errors />
    <p>
      Some Children
    </p>
    <div>
      v0.0.0
    </div>
  </div>
</AppContainer>
`;

exports[`The \`AppContainer\` component is rendered as expected when the user is not logged in 1`] = `
<AppContainer>
  <div>
    <Errors />
    <p>
      Some Children
    </p>
    <div>
      v0.0.0
    </div>
  </div>
</AppContainer>
`;
